Stage07 Demo04: GST_DEBUG log capture
output_dir                     : /usr/local/MPP_DEMO/rk3568_study_demo/v4l2/stages/stage07_gstreamer_pipeline_thinking/logs/run_all_stage07_20260604_023756/debug_demo
command                        : GST_DEBUG='GST_CAPS:3,GST_ELEMENT_PADS:3,pipeline:3' gst-launch-1.0 videotestsrc num-buffers=6 ! video/x-raw,format=NV12,width=160,height=120,framerate=15/1 ! videoconvert ! video/x-raw,format=I420 ! fakesink sync=false
exit_code                      : 0
elapsed_ms                     : 174
output_begin
Setting pipeline to PAUSED ...
Pipeline is PREROLLING ...
Pipeline is PREROLLED ...
Setting pipeline to PLAYING ...
New clock: GstSystemClock
Got EOS from element "pipeline0".
Execution ended after 0:00:00.003768158
Setting pipeline to PAUSED ...
Setting pipeline to READY ...
Setting pipeline to NULL ...
Freeing pipeline ...
output_end
log_path                       : /usr/local/MPP_DEMO/rk3568_study_demo/v4l2/stages/stage07_gstreamer_pipeline_thinking/logs/run_all_stage07_20260604_023756/debug_demo/gst_debug_caps.log
caps_mentions                  : 0
got_eos                        : yes

[driver shadow]
When hardware element is used, raise debug level around that plugin and compare with dmesg/device-node evidence.
verdict=PASS_GST_DEBUG_CAPTURE
