Stage06 Demo05: SOURCE_CHANGE + EOS/drain simulation
frames             : 10
source_change_at   : 4
eos_at             : 10
bad_reconfigure    : no

[frame 1] RUNNING: QBUF OUTPUT/CAPTURE -> poll
[frame 1] DQBUF OUTPUT consumed + CAPTURE decoded
[frame 2] RUNNING: QBUF OUTPUT/CAPTURE -> poll
[frame 2] DQBUF OUTPUT consumed + CAPTURE decoded
[frame 3] RUNNING: QBUF OUTPUT/CAPTURE -> poll
[frame 3] DQBUF OUTPUT consumed + CAPTURE decoded
[frame 4] RUNNING: QBUF OUTPUT/CAPTURE -> poll
[frame 4] V4L2_EVENT_SOURCE_CHANGE: decoded size/stride may change
           required: STREAMOFF CAPTURE -> DQBUF remaining -> REQBUFS 0 -> S_FMT/REQBUFS -> STREAMON
           recovery ok: CAPTURE queue reconfigured and buffers requeued
[frame 4] DQBUF OUTPUT consumed + CAPTURE decoded
[frame 5] RUNNING: QBUF OUTPUT/CAPTURE -> poll
[frame 5] DQBUF OUTPUT consumed + CAPTURE decoded
[frame 6] RUNNING: QBUF OUTPUT/CAPTURE -> poll
[frame 6] DQBUF OUTPUT consumed + CAPTURE decoded
[frame 7] RUNNING: QBUF OUTPUT/CAPTURE -> poll
[frame 7] DQBUF OUTPUT consumed + CAPTURE decoded
[frame 8] RUNNING: QBUF OUTPUT/CAPTURE -> poll
[frame 8] DQBUF OUTPUT consumed + CAPTURE decoded
[frame 9] RUNNING: QBUF OUTPUT/CAPTURE -> poll
[frame 9] DQBUF OUTPUT consumed + CAPTURE decoded
[frame 10] RUNNING: QBUF OUTPUT/CAPTURE -> poll
[frame 10] DQBUF OUTPUT consumed + CAPTURE decoded
[frame 10] EOS queued: stop feeding OUTPUT, keep DQBUF until LAST/drain done
[drain 1] poll + DQBUF CAPTURE delayed reference frame
[drain 2] poll + DQBUF CAPTURE delayed reference frame
[drain done] LAST buffer observed, STREAMOFF both queues

关键计数器：
qbuf_output                  = 10
qbuf_capture                 = 10
dqbuf_output                 = 10
dqbuf_capture                = 12
poll_calls                   = 12
timeout_count                = 0
source_change_count          = 1
eos_count                    = 1
recovery_count               = 1
verdict=SOURCE_CHANGE_EOS_DRAIN_HANDLED
