[demo04] wrapper mode: decoder=h264, no hwdevice forced
[demo04] note: RKMPP hard decode evidence comes from decoder selection + successful frames.
[demo04] frame sw_fallback idx=1 fmt=yuv420p pts=0
[demo04] frame sw_fallback idx=2 fmt=yuv420p pts=1
[demo04] frame sw_fallback idx=3 fmt=yuv420p pts=2
[demo04] frame sw_fallback idx=4 fmt=yuv420p pts=3
[demo04] frame sw_fallback idx=5 fmt=yuv420p pts=4
[demo04] frame sw_fallback idx=6 fmt=yuv420p pts=5
[demo04] frame sw_fallback idx=7 fmt=yuv420p pts=6
[demo04] frame sw_fallback idx=8 fmt=yuv420p pts=7
[demo04] frame sw_fallback idx=9 fmt=yuv420p pts=8
[demo04] frame sw_fallback idx=10 fmt=yuv420p pts=9
[demo04] frame sw_fallback idx=11 fmt=yuv420p pts=10
[demo04] frame sw_fallback idx=12 fmt=yuv420p pts=11
[demo04] frame sw_fallback idx=13 fmt=yuv420p pts=12
[demo04] frame sw_fallback idx=14 fmt=yuv420p pts=13
[demo04] frame sw_fallback idx=15 fmt=yuv420p pts=14
[demo04] frame sw_fallback idx=16 fmt=yuv420p pts=15
[demo04] frame sw_fallback idx=17 fmt=yuv420p pts=16
[demo04] frame sw_fallback idx=18 fmt=yuv420p pts=17
[demo04] frame sw_fallback idx=19 fmt=yuv420p pts=18
[demo04] frame sw_fallback idx=20 fmt=yuv420p pts=19
[demo04] frame sw_fallback idx=21 fmt=yuv420p pts=20
[demo04] frame sw_fallback idx=22 fmt=yuv420p pts=21
[demo04] frame sw_fallback idx=23 fmt=yuv420p pts=22
[demo04] frame sw_fallback idx=24 fmt=yuv420p pts=23
[demo04] frame sw_fallback idx=25 fmt=yuv420p pts=24
[demo04] frame sw_fallback idx=26 fmt=yuv420p pts=25
[demo04] frame sw_fallback idx=27 fmt=yuv420p pts=26
[demo04] frame sw_fallback idx=28 fmt=yuv420p pts=27
[demo04] frame sw_fallback idx=29 fmt=yuv420p pts=28
[demo04] frame sw_fallback idx=30 fmt=yuv420p pts=29
[demo04] frame sw_fallback idx=31 fmt=yuv420p pts=30
[demo04] frame sw_fallback idx=32 fmt=yuv420p pts=31
[demo04] frame sw_fallback idx=33 fmt=yuv420p pts=32
[demo04] frame sw_fallback idx=34 fmt=yuv420p pts=33
[demo04] frame sw_fallback idx=35 fmt=yuv420p pts=34
[demo04] frame sw_fallback idx=36 fmt=yuv420p pts=35
[demo04] frame sw_fallback idx=37 fmt=yuv420p pts=36
[demo04] frame sw_fallback idx=38 fmt=yuv420p pts=37
[demo04] frame sw_fallback idx=39 fmt=yuv420p pts=38
[demo04] frame sw_fallback idx=40 fmt=yuv420p pts=39
[demo04] frame sw_fallback idx=41 fmt=yuv420p pts=40
[demo04] frame sw_fallback idx=42 fmt=yuv420p pts=41
[demo04] frame sw_fallback idx=43 fmt=yuv420p pts=42
[demo04] frame sw_fallback idx=44 fmt=yuv420p pts=43
[demo04] frame sw_fallback idx=45 fmt=yuv420p pts=44
[demo04] frame sw_fallback idx=46 fmt=yuv420p pts=45
[demo04] frame sw_fallback idx=47 fmt=yuv420p pts=46
[demo04] frame sw_fallback idx=48 fmt=yuv420p pts=47
[demo04] frame sw_fallback idx=49 fmt=yuv420p pts=48
[demo04] frame sw_fallback idx=50 fmt=yuv420p pts=49
[demo04] frame sw_fallback idx=51 fmt=yuv420p pts=50
[demo04] frame sw_fallback idx=52 fmt=yuv420p pts=51
[demo04] frame sw_fallback idx=53 fmt=yuv420p pts=52
[demo04] frame sw_fallback idx=54 fmt=yuv420p pts=53
[demo04] frame sw_fallback idx=55 fmt=yuv420p pts=54
[demo04] frame sw_fallback idx=56 fmt=yuv420p pts=55
[demo04] frame sw_fallback idx=57 fmt=yuv420p pts=56
[demo04] frame sw_fallback idx=58 fmt=yuv420p pts=57
[demo04] frame sw_fallback idx=59 fmt=yuv420p pts=58
[demo04] frame sw_fallback idx=60 fmt=yuv420p pts=59
[demo04] frame sw_fallback idx=61 fmt=yuv420p pts=60
[demo04] frame sw_fallback idx=62 fmt=yuv420p pts=61
[demo04] frame sw_fallback idx=63 fmt=yuv420p pts=62
[demo04] frame sw_fallback idx=64 fmt=yuv420p pts=63
[demo04] frame sw_fallback idx=65 fmt=yuv420p pts=64
[demo04] frame sw_fallback idx=66 fmt=yuv420p pts=65
[demo04] frame sw_fallback idx=67 fmt=yuv420p pts=66
[demo04] frame sw_fallback idx=68 fmt=yuv420p pts=67
[demo04] frame sw_fallback idx=69 fmt=yuv420p pts=68
[demo04] frame sw_fallback idx=70 fmt=yuv420p pts=69
[demo04] frame sw_fallback idx=71 fmt=yuv420p pts=70
[demo04] frame sw_fallback idx=72 fmt=yuv420p pts=71
[demo04] frame sw_fallback idx=73 fmt=yuv420p pts=72
[demo04] frame sw_fallback idx=74 fmt=yuv420p pts=73
[demo04] frame sw_fallback idx=75 fmt=yuv420p pts=74
[demo04] frame sw_fallback idx=76 fmt=yuv420p pts=75
[demo04] frame sw_fallback idx=77 fmt=yuv420p pts=76
[demo04] frame sw_fallback idx=78 fmt=yuv420p pts=77
[demo04] frame sw_fallback idx=79 fmt=yuv420p pts=78
[demo04] frame sw_fallback idx=80 fmt=yuv420p pts=79
[demo04] frame sw_fallback idx=81 fmt=yuv420p pts=80
[demo04] frame sw_fallback idx=82 fmt=yuv420p pts=81
[demo04] frame sw_fallback idx=83 fmt=yuv420p pts=82
[demo04] frame sw_fallback idx=84 fmt=yuv420p pts=83
[demo04] frame sw_fallback idx=85 fmt=yuv420p pts=84
[demo04] frame sw_fallback idx=86 fmt=yuv420p pts=85
[demo04] frame sw_fallback idx=87 fmt=yuv420p pts=86
[demo04] frame sw_fallback idx=88 fmt=yuv420p pts=87
[demo04] frame sw_fallback idx=89 fmt=yuv420p pts=88
[demo04] frame sw_fallback idx=90 fmt=yuv420p pts=89
[demo04] frame sw_fallback idx=91 fmt=yuv420p pts=90
[demo04] frame sw_fallback idx=92 fmt=yuv420p pts=91
[demo04] frame sw_fallback idx=93 fmt=yuv420p pts=92
[demo04] frame sw_fallback idx=94 fmt=yuv420p pts=93
[demo04] frame sw_fallback idx=95 fmt=yuv420p pts=94
[demo04] frame sw_fallback idx=96 fmt=yuv420p pts=95
[demo04] frame sw_fallback idx=97 fmt=yuv420p pts=96
[demo04] frame sw_fallback idx=98 fmt=yuv420p pts=97
[demo04] frame sw_fallback idx=99 fmt=yuv420p pts=98
[demo04] frame sw_fallback idx=100 fmt=yuv420p pts=99
[demo04] frame sw_fallback idx=101 fmt=yuv420p pts=100
[demo04] frame sw_fallback idx=102 fmt=yuv420p pts=101
[demo04] frame sw_fallback idx=103 fmt=yuv420p pts=102
[demo04] frame sw_fallback idx=104 fmt=yuv420p pts=103
[demo04] frame sw_fallback idx=105 fmt=yuv420p pts=104
[demo04] frame sw_fallback idx=106 fmt=yuv420p pts=105
[demo04] frame sw_fallback idx=107 fmt=yuv420p pts=106
[demo04] frame sw_fallback idx=108 fmt=yuv420p pts=107
[demo04] frame sw_fallback idx=109 fmt=yuv420p pts=108
[demo04] frame sw_fallback idx=110 fmt=yuv420p pts=109
[demo04] frame sw_fallback idx=111 fmt=yuv420p pts=110
[demo04] frame sw_fallback idx=112 fmt=yuv420p pts=111
[demo04] frame sw_fallback idx=113 fmt=yuv420p pts=112
[demo04] frame sw_fallback idx=114 fmt=yuv420p pts=113
[demo04] frame sw_fallback idx=115 fmt=yuv420p pts=114
[demo04] frame sw_fallback idx=116 fmt=yuv420p pts=115
[demo04] frame sw_fallback idx=117 fmt=yuv420p pts=116
[demo04] frame sw_fallback idx=118 fmt=yuv420p pts=117
[demo04] frame sw_fallback idx=119 fmt=yuv420p pts=118
[demo04] frame sw_fallback idx=120 fmt=yuv420p pts=119
[demo04] summary decoder=h264 hw_type=(not-forced) hw_frames=0 wrapper_frames=0 sw_fallback_frames=120 hwdownload_ok=0 fallback=1
[demo04] verdict=SOFTWARE_FALLBACK
[demo04] verdict_reason=non-wrapper software-visible fallback frames observed
[demo04] verdict_cn=软解回退：未形成可证明的硬件帧/硬解 wrapper 证据
[demo04] how_to_read: HARDWARE_FRAME_CONFIRMED=硬件帧; HARDWARE_DECODE_WRAPPER_OUTPUT=rkmpp硬解但CPU可见帧; SOFTWARE_FALLBACK=软解回退
[demo04] PASS
