cmd: /usr/local/MPP_DEMO/rk3568_study_demo/v4l2/stages/stage01_v4l2_capture_foundation/bin/stage01_v4l2_capture_main /dev/video10 640 480 /tmp/b_4.yuyv /tmp/b_4.ppm 120 --warmup=3 --fps=30 --pixfmt=YUYV --timeout-ms=2000 --req-bufs=4 --no-save --log-every=20

start capture with config:
  dev=/dev/video10 req=640x480 pixfmt=YUYV raw=/tmp/b_4.yuyv ppm=/tmp/b_4.ppm frames=120 warmup=3 fps=30 timeout_ms=2000 req_bufs=4 dump_formats=0 inject=none inject_frame=120 save=0 log_every=20 trace_csv=(disabled)
device info:
  driver      : uvcvideo
  card        : HD camera : HD camera 
  bus_info    : usb-fd800000.usb-1
  version     : 5.10.198
  capabilities: 0x84a00001
  device_caps : 0x04200001
try fmt: req=640x480/YUYV -> driver-suggest=640x480/YUYV bytesperline=1280 sizeimage=614400
format compare (request vs active S_FMT result vs G_FMT readback):
  request : 640x480 fourcc=YUYV field=1
  active(S_FMT): 640x480 fourcc=YUYV field=1 bytesperline=1280 sizeimage=614400
  readback(G_FMT): 640x480 fourcc=YUYV field=1 bytesperline=1280 sizeimage=614400
fps compare (request vs active S_PARM result vs G_PARM readback):
  request fps: 30
  active(S_PARM): tpf=1/30 => 30.000 fps
  readback(G_PARM): tpf=1/30 => 30.000 fps
frame=1 seq=0 index=0 bytesused=614400 ts=298479.728812 flags=0x00012001|TS_MONOTONIC|SRC_SOE
frame=2 seq=1 index=1 bytesused=614400 ts=298479.932891 flags=0x00012001|TS_MONOTONIC|SRC_SOE
frame=3 seq=2 index=2 bytesused=614400 ts=298480.136901 flags=0x00012001|TS_MONOTONIC|SRC_SOE
frame=4 seq=3 index=3 bytesused=614400 ts=298480.336804 flags=0x00012001|TS_MONOTONIC|SRC_SOE
frame=5 seq=4 index=0 bytesused=614400 ts=298480.540914 flags=0x00012001|TS_MONOTONIC|SRC_SOE
frame=20 seq=19 index=3 bytesused=614400 ts=298483.576898 flags=0x00012001|TS_MONOTONIC|SRC_SOE
frame=40 seq=39 index=3 bytesused=614400 ts=298487.625055 flags=0x00012001|TS_MONOTONIC|SRC_SOE
frame=60 seq=59 index=3 bytesused=614400 ts=298491.673259 flags=0x00012001|TS_MONOTONIC|SRC_SOE
frame=80 seq=79 index=3 bytesused=614400 ts=298495.721364 flags=0x00012001|TS_MONOTONIC|SRC_SOE
frame=100 seq=99 index=3 bytesused=614400 ts=298499.769492 flags=0x00012001|TS_MONOTONIC|SRC_SOE
frame=120 seq=119 index=3 bytesused=614400 ts=298503.817613 flags=0x00012001|TS_MONOTONIC|SRC_SOE

================ capture summary ================
config:
  dev=/dev/video10 req=640x480 frames=120 warmup=3 req_fps=30 timeout_ms=2000 req_bufs=4 inject=none inject_frame=120 log_every=20 trace_csv=(disabled)
active format snapshot:
  width=640 height=480 fourcc=YUYV bytesperline=1280 sizeimage=614400
timing:
  stream duration: 24.298 s
  fps(actual dq_ok / duration): 4.939
select:
  calls=120 ready=120 timeout=0 eintr=0 error=0
dqbuf:
  ok=120 fail=0 eagain=0
qbuf(requeue):
  ok=120 fail=0 skipped=0
bytesused:
  min=614400 max=614400 avg=614400.00
  distribution (bytesused => count):
    614400 => 120
sequence:
  observed_gap_frames=0 (仅作驱动行为观察，不是唯一丢帧标准)
payload shape:
  zero_bytes_frames=0 bytes_over_sizeimage_frames=0
dq host interval(ms):
  count=119 min=199.808 max=204.131 avg=202.425
v4l2 timestamp interval(ms):
  count=119 min=199.897 max=204.137 avg=202.427
  zero_ts=0 backward_ts=0
buffer flags distribution:
  0x00012001|TS_MONOTONIC|SRC_SOE => 120
=================================================

