[state] INIT -> INPUT_OPENED reason=open input ok
[state] INPUT_OPENED -> STREAM_READY reason=stream info ready
[state] STREAM_READY -> DECODER_READY reason=decoder open ok
[state] DECODER_READY -> DECODING reason=decode loop start
[enterprise09] frame_out=1 w=854 h=480 fmt=0 pts=0
[enterprise09] frame_out=2 w=854 h=480 fmt=0 pts=1
[enterprise09] frame_out=3 w=854 h=480 fmt=0 pts=2
[enterprise09] frame_out=4 w=854 h=480 fmt=0 pts=3
[enterprise09] frame_out=5 w=854 h=480 fmt=0 pts=4
[enterprise09] frame_out=6 w=854 h=480 fmt=0 pts=5
[enterprise09] frame_out=7 w=854 h=480 fmt=0 pts=6
[enterprise09] frame_out=8 w=854 h=480 fmt=0 pts=7
[enterprise09] frame_out=9 w=854 h=480 fmt=0 pts=8
[enterprise09] frame_out=10 w=854 h=480 fmt=0 pts=9
[enterprise09] frame_out=11 w=854 h=480 fmt=0 pts=10
[enterprise09] frame_out=12 w=854 h=480 fmt=0 pts=11
[enterprise09] frame_out=13 w=854 h=480 fmt=0 pts=12
[enterprise09] frame_out=14 w=854 h=480 fmt=0 pts=13
[enterprise09] frame_out=15 w=854 h=480 fmt=0 pts=14
[enterprise09] frame_out=16 w=854 h=480 fmt=0 pts=15
[enterprise09] frame_out=17 w=854 h=480 fmt=0 pts=16
[enterprise09] frame_out=18 w=854 h=480 fmt=0 pts=17
[enterprise09] frame_out=19 w=854 h=480 fmt=0 pts=18
[enterprise09] frame_out=20 w=854 h=480 fmt=0 pts=19
[enterprise09] frame_out=21 w=854 h=480 fmt=0 pts=20
[enterprise09] frame_out=22 w=854 h=480 fmt=0 pts=21
[enterprise09] frame_out=23 w=854 h=480 fmt=0 pts=22
[enterprise09] frame_out=24 w=854 h=480 fmt=0 pts=23
[enterprise09] frame_out=25 w=854 h=480 fmt=0 pts=24
[enterprise09] frame_out=26 w=854 h=480 fmt=0 pts=25
[enterprise09] frame_out=27 w=854 h=480 fmt=0 pts=26
[enterprise09] frame_out=28 w=854 h=480 fmt=0 pts=27
[enterprise09] inject send fail
[enterprise09] frame_out=29 w=854 h=480 fmt=0 pts=28
[enterprise09] frame_out=30 w=854 h=480 fmt=0 pts=29
[enterprise09] frame_out=31 w=854 h=480 fmt=0 pts=31
[enterprise09] frame_out=32 w=854 h=480 fmt=0 pts=32
[enterprise09] frame_out=33 w=854 h=480 fmt=0 pts=33
[enterprise09] frame_out=34 w=854 h=480 fmt=0 pts=34
[enterprise09] frame_out=35 w=854 h=480 fmt=0 pts=35
[enterprise09] frame_out=36 w=854 h=480 fmt=0 pts=36
[enterprise09] frame_out=37 w=854 h=480 fmt=0 pts=37
[enterprise09] frame_out=38 w=854 h=480 fmt=0 pts=38
[enterprise09] frame_out=39 w=854 h=480 fmt=0 pts=39
[enterprise09] frame_out=40 w=854 h=480 fmt=0 pts=40
[enterprise09] frame_out=41 w=854 h=480 fmt=0 pts=41
[enterprise09] frame_out=42 w=854 h=480 fmt=0 pts=42
[enterprise09] frame_out=43 w=854 h=480 fmt=0 pts=43
[enterprise09] frame_out=44 w=854 h=480 fmt=0 pts=44
[enterprise09] frame_out=45 w=854 h=480 fmt=0 pts=45
[enterprise09] frame_out=46 w=854 h=480 fmt=0 pts=46
[enterprise09] frame_out=47 w=854 h=480 fmt=0 pts=47
[enterprise09] frame_out=48 w=854 h=480 fmt=0 pts=48
[enterprise09] frame_out=49 w=854 h=480 fmt=0 pts=49
[enterprise09] frame_out=50 w=854 h=480 fmt=0 pts=50
[enterprise09] frame_out=51 w=854 h=480 fmt=0 pts=51
[enterprise09] frame_out=52 w=854 h=480 fmt=0 pts=52
[enterprise09] frame_out=53 w=854 h=480 fmt=0 pts=53
[enterprise09] frame_out=54 w=854 h=480 fmt=0 pts=54
[enterprise09] frame_out=55 w=854 h=480 fmt=0 pts=55
[enterprise09] frame_out=56 w=854 h=480 fmt=0 pts=56
[enterprise09] frame_out=57 w=854 h=480 fmt=0 pts=57
[enterprise09] frame_out=58 w=854 h=480 fmt=0 pts=58
[enterprise09] inject send fail
[enterprise09] frame_out=59 w=854 h=480 fmt=0 pts=59
[enterprise09] frame_out=60 w=854 h=480 fmt=0 pts=60
[enterprise09] frame_out=61 w=854 h=480 fmt=0 pts=61
[enterprise09] frame_out=62 w=854 h=480 fmt=0 pts=62
[enterprise09] frame_out=63 w=854 h=480 fmt=0 pts=63
[enterprise09] frame_out=64 w=854 h=480 fmt=0 pts=65
[enterprise09] frame_out=65 w=854 h=480 fmt=0 pts=66
[enterprise09] frame_out=66 w=854 h=480 fmt=0 pts=67
[enterprise09] frame_out=67 w=854 h=480 fmt=0 pts=68
[enterprise09] frame_out=68 w=854 h=480 fmt=0 pts=69
[enterprise09] frame_out=69 w=854 h=480 fmt=0 pts=70
[enterprise09] frame_out=70 w=854 h=480 fmt=0 pts=71
[enterprise09] frame_out=71 w=854 h=480 fmt=0 pts=72
[enterprise09] frame_out=72 w=854 h=480 fmt=0 pts=73
[enterprise09] frame_out=73 w=854 h=480 fmt=0 pts=74
[enterprise09] frame_out=74 w=854 h=480 fmt=0 pts=75
[enterprise09] frame_out=75 w=854 h=480 fmt=0 pts=76
[enterprise09] frame_out=76 w=854 h=480 fmt=0 pts=77
[enterprise09] frame_out=77 w=854 h=480 fmt=0 pts=78
[enterprise09] frame_out=78 w=854 h=480 fmt=0 pts=79
[enterprise09] frame_out=79 w=854 h=480 fmt=0 pts=80
[enterprise09] frame_out=80 w=854 h=480 fmt=0 pts=81
[enterprise09] frame_out=81 w=854 h=480 fmt=0 pts=82
[enterprise09] frame_out=82 w=854 h=480 fmt=0 pts=83
[enterprise09] frame_out=83 w=854 h=480 fmt=0 pts=84
[enterprise09] frame_out=84 w=854 h=480 fmt=0 pts=85
[enterprise09] frame_out=85 w=854 h=480 fmt=0 pts=86
[enterprise09] frame_out=86 w=854 h=480 fmt=0 pts=87
[enterprise09] frame_out=87 w=854 h=480 fmt=0 pts=88
[enterprise09] frame_out=88 w=854 h=480 fmt=0 pts=89
[enterprise09] inject send fail
[enterprise09] frame_out=89 w=854 h=480 fmt=0 pts=90
[enterprise09] frame_out=90 w=854 h=480 fmt=0 pts=91
[enterprise09] frame_out=91 w=854 h=480 fmt=0 pts=93
[enterprise09] frame_out=92 w=854 h=480 fmt=0 pts=94
[enterprise09] frame_out=93 w=854 h=480 fmt=0 pts=95
[enterprise09] frame_out=94 w=854 h=480 fmt=0 pts=96
[enterprise09] frame_out=95 w=854 h=480 fmt=0 pts=97
[enterprise09] frame_out=96 w=854 h=480 fmt=0 pts=98
[enterprise09] frame_out=97 w=854 h=480 fmt=0 pts=99
[enterprise09] frame_out=98 w=854 h=480 fmt=0 pts=100
[enterprise09] frame_out=99 w=854 h=480 fmt=0 pts=101
[enterprise09] frame_out=100 w=854 h=480 fmt=0 pts=102
[enterprise09] frame_out=101 w=854 h=480 fmt=0 pts=103
[enterprise09] frame_out=102 w=854 h=480 fmt=0 pts=104
[enterprise09] frame_out=103 w=854 h=480 fmt=0 pts=105
[enterprise09] frame_out=104 w=854 h=480 fmt=0 pts=106
[enterprise09] frame_out=105 w=854 h=480 fmt=0 pts=107
[enterprise09] frame_out=106 w=854 h=480 fmt=0 pts=108
[enterprise09] frame_out=107 w=854 h=480 fmt=0 pts=109
[enterprise09] frame_out=108 w=854 h=480 fmt=0 pts=110
[enterprise09] frame_out=109 w=854 h=480 fmt=0 pts=111
[enterprise09] frame_out=110 w=854 h=480 fmt=0 pts=112
[enterprise09] frame_out=111 w=854 h=480 fmt=0 pts=113
[enterprise09] frame_out=112 w=854 h=480 fmt=0 pts=114
[enterprise09] frame_out=113 w=854 h=480 fmt=0 pts=115
[enterprise09] frame_out=114 w=854 h=480 fmt=0 pts=116
[enterprise09] frame_out=115 w=854 h=480 fmt=0 pts=117
[enterprise09] frame_out=116 w=854 h=480 fmt=0 pts=118
[enterprise09] frame_out=117 w=854 h=480 fmt=0 pts=119
[enterprise09] frame_out=118 w=854 h=480 fmt=0 pts=120
[enterprise09] inject send fail
[enterprise09] frame_out=119 w=854 h=480 fmt=0 pts=121
[enterprise09] frame_out=120 w=854 h=480 fmt=0 pts=122
[state] DECODING -> COMPLETED reason=decode finished
[enterprise09] summary: packet_in=126 frame_out=120 error_count=4 state_transition=5 elapsed_s=0.076824 fps=1562.012
