[demo04] wrapper mode: decoder=h264, no hwdevice forced
[demo04] note: RKMPP hard decode evidence comes from decoder selection + successful frames.
[demo04] frame sw_fallback idx=1 fmt=yuv420p pts=0
[demo04] frame sw_fallback idx=2 fmt=yuv420p pts=512
[demo04] frame sw_fallback idx=3 fmt=yuv420p pts=1024
[demo04] frame sw_fallback idx=4 fmt=yuv420p pts=1536
[demo04] frame sw_fallback idx=5 fmt=yuv420p pts=2048
[demo04] frame sw_fallback idx=6 fmt=yuv420p pts=2560
[demo04] frame sw_fallback idx=7 fmt=yuv420p pts=3072
[demo04] frame sw_fallback idx=8 fmt=yuv420p pts=3584
[demo04] frame sw_fallback idx=9 fmt=yuv420p pts=4096
[demo04] frame sw_fallback idx=10 fmt=yuv420p pts=4608
[demo04] frame sw_fallback idx=11 fmt=yuv420p pts=5120
[demo04] frame sw_fallback idx=12 fmt=yuv420p pts=5632
[demo04] frame sw_fallback idx=13 fmt=yuv420p pts=6144
[demo04] frame sw_fallback idx=14 fmt=yuv420p pts=6656
[demo04] frame sw_fallback idx=15 fmt=yuv420p pts=7168
[demo04] frame sw_fallback idx=16 fmt=yuv420p pts=7680
[demo04] frame sw_fallback idx=17 fmt=yuv420p pts=8192
[demo04] frame sw_fallback idx=18 fmt=yuv420p pts=8704
[demo04] frame sw_fallback idx=19 fmt=yuv420p pts=9216
[demo04] frame sw_fallback idx=20 fmt=yuv420p pts=9728
[demo04] frame sw_fallback idx=21 fmt=yuv420p pts=10240
[demo04] frame sw_fallback idx=22 fmt=yuv420p pts=10752
[demo04] frame sw_fallback idx=23 fmt=yuv420p pts=11264
[demo04] frame sw_fallback idx=24 fmt=yuv420p pts=11776
[demo04] frame sw_fallback idx=25 fmt=yuv420p pts=12288
[demo04] frame sw_fallback idx=26 fmt=yuv420p pts=12800
[demo04] frame sw_fallback idx=27 fmt=yuv420p pts=13312
[demo04] frame sw_fallback idx=28 fmt=yuv420p pts=13824
[demo04] frame sw_fallback idx=29 fmt=yuv420p pts=14336
[demo04] frame sw_fallback idx=30 fmt=yuv420p pts=14848
[demo04] frame sw_fallback idx=31 fmt=yuv420p pts=15360
[demo04] frame sw_fallback idx=32 fmt=yuv420p pts=15872
[demo04] frame sw_fallback idx=33 fmt=yuv420p pts=16384
[demo04] frame sw_fallback idx=34 fmt=yuv420p pts=16896
[demo04] frame sw_fallback idx=35 fmt=yuv420p pts=17408
[demo04] frame sw_fallback idx=36 fmt=yuv420p pts=17920
[demo04] frame sw_fallback idx=37 fmt=yuv420p pts=18432
[demo04] frame sw_fallback idx=38 fmt=yuv420p pts=18944
[demo04] frame sw_fallback idx=39 fmt=yuv420p pts=19456
[demo04] frame sw_fallback idx=40 fmt=yuv420p pts=19968
[demo04] frame sw_fallback idx=41 fmt=yuv420p pts=20480
[demo04] frame sw_fallback idx=42 fmt=yuv420p pts=20992
[demo04] frame sw_fallback idx=43 fmt=yuv420p pts=21504
[demo04] frame sw_fallback idx=44 fmt=yuv420p pts=22016
[demo04] frame sw_fallback idx=45 fmt=yuv420p pts=22528
[demo04] frame sw_fallback idx=46 fmt=yuv420p pts=23040
[demo04] frame sw_fallback idx=47 fmt=yuv420p pts=23552
[demo04] frame sw_fallback idx=48 fmt=yuv420p pts=24064
[demo04] frame sw_fallback idx=49 fmt=yuv420p pts=24576
[demo04] frame sw_fallback idx=50 fmt=yuv420p pts=25088
[demo04] frame sw_fallback idx=51 fmt=yuv420p pts=25600
[demo04] frame sw_fallback idx=52 fmt=yuv420p pts=26112
[demo04] frame sw_fallback idx=53 fmt=yuv420p pts=26624
[demo04] frame sw_fallback idx=54 fmt=yuv420p pts=27136
[demo04] frame sw_fallback idx=55 fmt=yuv420p pts=27648
[demo04] frame sw_fallback idx=56 fmt=yuv420p pts=28160
[demo04] frame sw_fallback idx=57 fmt=yuv420p pts=28672
[demo04] frame sw_fallback idx=58 fmt=yuv420p pts=29184
[demo04] frame sw_fallback idx=59 fmt=yuv420p pts=29696
[demo04] frame sw_fallback idx=60 fmt=yuv420p pts=30208
[demo04] frame sw_fallback idx=61 fmt=yuv420p pts=30720
[demo04] frame sw_fallback idx=62 fmt=yuv420p pts=31232
[demo04] frame sw_fallback idx=63 fmt=yuv420p pts=31744
[demo04] frame sw_fallback idx=64 fmt=yuv420p pts=32256
[demo04] frame sw_fallback idx=65 fmt=yuv420p pts=32768
[demo04] frame sw_fallback idx=66 fmt=yuv420p pts=33280
[demo04] frame sw_fallback idx=67 fmt=yuv420p pts=33792
[demo04] frame sw_fallback idx=68 fmt=yuv420p pts=34304
[demo04] frame sw_fallback idx=69 fmt=yuv420p pts=34816
[demo04] frame sw_fallback idx=70 fmt=yuv420p pts=35328
[demo04] frame sw_fallback idx=71 fmt=yuv420p pts=35840
[demo04] frame sw_fallback idx=72 fmt=yuv420p pts=36352
[demo04] frame sw_fallback idx=73 fmt=yuv420p pts=36864
[demo04] frame sw_fallback idx=74 fmt=yuv420p pts=37376
[demo04] frame sw_fallback idx=75 fmt=yuv420p pts=37888
[demo04] frame sw_fallback idx=76 fmt=yuv420p pts=38400
[demo04] frame sw_fallback idx=77 fmt=yuv420p pts=38912
[demo04] frame sw_fallback idx=78 fmt=yuv420p pts=39424
[demo04] frame sw_fallback idx=79 fmt=yuv420p pts=39936
[demo04] frame sw_fallback idx=80 fmt=yuv420p pts=40448
[demo04] frame sw_fallback idx=81 fmt=yuv420p pts=40960
[demo04] frame sw_fallback idx=82 fmt=yuv420p pts=41472
[demo04] frame sw_fallback idx=83 fmt=yuv420p pts=41984
[demo04] frame sw_fallback idx=84 fmt=yuv420p pts=42496
[demo04] frame sw_fallback idx=85 fmt=yuv420p pts=43008
[demo04] frame sw_fallback idx=86 fmt=yuv420p pts=43520
[demo04] frame sw_fallback idx=87 fmt=yuv420p pts=44032
[demo04] frame sw_fallback idx=88 fmt=yuv420p pts=44544
[demo04] frame sw_fallback idx=89 fmt=yuv420p pts=45056
[demo04] frame sw_fallback idx=90 fmt=yuv420p pts=45568
[demo04] frame sw_fallback idx=91 fmt=yuv420p pts=46080
[demo04] frame sw_fallback idx=92 fmt=yuv420p pts=46592
[demo04] frame sw_fallback idx=93 fmt=yuv420p pts=47104
[demo04] frame sw_fallback idx=94 fmt=yuv420p pts=47616
[demo04] frame sw_fallback idx=95 fmt=yuv420p pts=48128
[demo04] frame sw_fallback idx=96 fmt=yuv420p pts=48640
[demo04] frame sw_fallback idx=97 fmt=yuv420p pts=49152
[demo04] frame sw_fallback idx=98 fmt=yuv420p pts=49664
[demo04] frame sw_fallback idx=99 fmt=yuv420p pts=50176
[demo04] frame sw_fallback idx=100 fmt=yuv420p pts=50688
[demo04] frame sw_fallback idx=101 fmt=yuv420p pts=51200
[demo04] frame sw_fallback idx=102 fmt=yuv420p pts=51712
[demo04] frame sw_fallback idx=103 fmt=yuv420p pts=52224
[demo04] frame sw_fallback idx=104 fmt=yuv420p pts=52736
[demo04] frame sw_fallback idx=105 fmt=yuv420p pts=53248
[demo04] frame sw_fallback idx=106 fmt=yuv420p pts=53760
[demo04] frame sw_fallback idx=107 fmt=yuv420p pts=54272
[demo04] frame sw_fallback idx=108 fmt=yuv420p pts=54784
[demo04] frame sw_fallback idx=109 fmt=yuv420p pts=55296
[demo04] frame sw_fallback idx=110 fmt=yuv420p pts=55808
[demo04] frame sw_fallback idx=111 fmt=yuv420p pts=56320
[demo04] frame sw_fallback idx=112 fmt=yuv420p pts=56832
[demo04] frame sw_fallback idx=113 fmt=yuv420p pts=57344
[demo04] frame sw_fallback idx=114 fmt=yuv420p pts=57856
[demo04] frame sw_fallback idx=115 fmt=yuv420p pts=58368
[demo04] frame sw_fallback idx=116 fmt=yuv420p pts=58880
[demo04] frame sw_fallback idx=117 fmt=yuv420p pts=59392
[demo04] frame sw_fallback idx=118 fmt=yuv420p pts=59904
[demo04] frame sw_fallback idx=119 fmt=yuv420p pts=60416
[demo04] frame sw_fallback idx=120 fmt=yuv420p pts=60928
[demo04] frame sw_fallback idx=121 fmt=yuv420p pts=61440
[demo04] frame sw_fallback idx=122 fmt=yuv420p pts=61952
[demo04] frame sw_fallback idx=123 fmt=yuv420p pts=62464
[demo04] frame sw_fallback idx=124 fmt=yuv420p pts=62976
[demo04] frame sw_fallback idx=125 fmt=yuv420p pts=63488
[demo04] frame sw_fallback idx=126 fmt=yuv420p pts=64000
[demo04] frame sw_fallback idx=127 fmt=yuv420p pts=64512
[demo04] frame sw_fallback idx=128 fmt=yuv420p pts=65024
[demo04] frame sw_fallback idx=129 fmt=yuv420p pts=65536
[demo04] frame sw_fallback idx=130 fmt=yuv420p pts=66048
[demo04] frame sw_fallback idx=131 fmt=yuv420p pts=66560
[demo04] frame sw_fallback idx=132 fmt=yuv420p pts=67072
[demo04] frame sw_fallback idx=133 fmt=yuv420p pts=67584
[demo04] frame sw_fallback idx=134 fmt=yuv420p pts=68096
[demo04] frame sw_fallback idx=135 fmt=yuv420p pts=68608
[demo04] frame sw_fallback idx=136 fmt=yuv420p pts=69120
[demo04] frame sw_fallback idx=137 fmt=yuv420p pts=69632
[demo04] frame sw_fallback idx=138 fmt=yuv420p pts=70144
[demo04] frame sw_fallback idx=139 fmt=yuv420p pts=70656
[demo04] frame sw_fallback idx=140 fmt=yuv420p pts=71168
[demo04] frame sw_fallback idx=141 fmt=yuv420p pts=71680
[demo04] frame sw_fallback idx=142 fmt=yuv420p pts=72192
[demo04] frame sw_fallback idx=143 fmt=yuv420p pts=72704
[demo04] frame sw_fallback idx=144 fmt=yuv420p pts=73216
[demo04] frame sw_fallback idx=145 fmt=yuv420p pts=73728
[demo04] frame sw_fallback idx=146 fmt=yuv420p pts=74240
[demo04] frame sw_fallback idx=147 fmt=yuv420p pts=74752
[demo04] frame sw_fallback idx=148 fmt=yuv420p pts=75264
[demo04] frame sw_fallback idx=149 fmt=yuv420p pts=75776
[demo04] frame sw_fallback idx=150 fmt=yuv420p pts=76288
[demo04] summary decoder=h264 hw_type=(not-forced) hw_frames=0 wrapper_frames=0 sw_fallback_frames=150 hwdownload_ok=0 fallback=1
[demo04] verdict=SOFTWARE_FALLBACK
[demo04] verdict_reason=non-wrapper software-visible fallback frames observed
[demo04] verdict_cn=软解回退：未形成可证明的硬件帧/硬解 wrapper 证据
[demo04] PASS
