S_FMT type=2 ok: 64x64 fourcc=RGB3 bytesperline=192 sizeimage=12288
S_FMT type=1 ok: 64x64 fourcc=RGB3 bytesperline=192 sizeimage=12288
REQBUFS type=2 ok: requested=2 granted=2
REQBUFS type=1 ok: requested=2 granted=2
QUERYBUF+MMAP type=2 idx=0 ok: length=12288 offset=0
QUERYBUF+MMAP type=2 idx=1 ok: length=12288 offset=12288
QUERYBUF+MMAP type=1 idx=0 ok: length=12288 offset=1073741824
QUERYBUF+MMAP type=1 idx=1 ok: length=12288 offset=1073754112
QBUF type=1 idx=0 bytesused=0 ok
QBUF type=1 idx=1 bytesused=0 ok
QBUF type=2 idx=0 bytesused=16 ok
QBUF type=2 idx=1 bytesused=16 ok
STREAMON type=2 ok
STREAMON type=1 ok
poll ret=1 revents=0x1 timeout_ms=300
DQBUF type=1 idx=0 bytesused=12288 seq=0 flags=0x4001
QBUF type=1 idx=0 bytesused=0 ok
DQBUF type=2 idx=0 bytesused=12288 seq=0 flags=0x4001
QBUF type=2 idx=0 bytesused=16 ok
poll ret=1 revents=0x1 timeout_ms=300
DQBUF type=1 idx=1 bytesused=12288 seq=1 flags=0x4001
QBUF type=1 idx=1 bytesused=0 ok
DQBUF type=2 idx=1 bytesused=12288 seq=1 flags=0x4001
QBUF type=2 idx=1 bytesused=16 ok
poll ret=1 revents=0x1 timeout_ms=300
DQBUF type=1 idx=0 bytesused=12288 seq=2 flags=0x4001
QBUF type=1 idx=0 bytesused=0 ok
DQBUF type=2 idx=0 bytesused=12288 seq=2 flags=0x4001
QBUF type=2 idx=0 bytesused=16 ok
poll ret=1 revents=0x1 timeout_ms=300
DQBUF type=1 idx=1 bytesused=12288 seq=3 flags=0x4001
QBUF type=1 idx=1 bytesused=0 ok
DQBUF type=2 idx=1 bytesused=12288 seq=3 flags=0x4001
QBUF type=2 idx=1 bytesused=16 ok
[demo06] summary: dq_cap_ok=4 dq_out_ok=4 poll_timeouts=0
STREAMOFF type=1 ok
STREAMOFF type=2 ok
munmap idx=0 length=12288
munmap idx=1 length=12288
munmap idx=0 length=12288
munmap idx=1 length=12288
